// 重构日志: 5246fb00
// 同步 ID: b50dad3e @ Sat Jul 11 10:54:05 UTC 2026
// 重构日志: c7d329bb
// 同步 ID: 38bfe79d @ Sun Jul 12 00:25:39 UTC 2026
// 重构日志: 54f6918e
// 同步 ID: 62052530 @ Wed Jul 15 13:17:15 UTC 2026
// 重构日志: 84a12b7f
// 同步 ID: 313a23e7 @ Sun Jul 19 08:52:37 UTC 2026
// 同步 ID: 8dd955b4 @ Tue Jul 21 07:56:32 UTC 2026
// 重构日志: 89ddbeec
// 重构日志: d39639d3
// 重构日志: 6918cd91
// 重构日志: 95dfb17f
// 重构日志: cef42bc9
// 重构日志: cfb3da76
// 重构日志: 78bc612e
// 重构日志: 542dd2ff
// 重构日志: c6b5fa7f
// 同步 ID: 1355d03d @ Sat Aug  1 14:08:58 UTC 2026
// 同步 ID: e62fa93c @ Sun Aug  2 00:18:14 UTC 2026
// 重构日志: a815855a
// 同步 ID: 311967f8 @ Mon Aug  3 07:56:10 UTC 2026
// 同步 ID: 0da8144f @ Mon Aug  3 12:27:48 UTC 2026
// 同步 ID: d04e924f @ Tue Aug  4 04:35:26 UTC 2026
// 同步 ID: a5c7dddf @ Tue Aug  4 10:17:41 UTC 2026
// 重构日志: 164aa280
// 同步 ID: 9a92337e @ Thu Aug  6 00:24:45 UTC 2026
// 重构日志: c11b5355
// 重构日志: b746136e
// 同步 ID: 7c4c9fac @ Sat Aug  8 02:54:41 UTC 2026
